---
source: crates/stepflow-main/tests/test_run.rs
description: case 2
expression: result
info:
  name: world
input_file: crates/stepflow-main/tests/flows/basic.yaml
---
- context: Failed to execute flow
  attachments: []
  sources:
    - context: error executing plugin
      attachments: []
      sources:
        - context: error executing user-defined function
          attachments:
            - "Running mock://one_output on ValueRef(OwningRef { owner: Object {\"input\": String(\"world\")}, reference: Object {\"input\": String(\"world\")} })"
          sources: []
