---
source: crates/stepflow-main/tests/test_run.rs
description: case 1
expression: result
info:
  should_skip: true
  value: a
input_file: crates/stepflow-main/tests/flows/conditional_skip_use_default.yaml
---
outcome: success
result:
  dependent_result: received it was skipped
