---
source: crates/stepflow-compiler/tests/snapshot.rs
expression: result
input_file: crates/stepflow-compiler/tests/inputs/empty_flow_missing_execution.yaml
---
Err: "invalid compilation: flow has no execution info"
